// Jest Snapshot v1, https://goo.gl/fbAQLP

exports[`<CitiesList /> Render App 1`] = `
<ul
  className="locations__list tabs__list"
>
  <li
    className="locations__item"
  >
    <a
      className="locations__item-link tabs__item tabs__item--active"
      href="#"
    >
      <span
        data-city="Paris"
        onClick={[Function]}
      >
        Paris
      </span>
    </a>
  </li>
  <li
    className="locations__item"
  >
    <a
      className="locations__item-link tabs__item "
      href="#"
    >
      <span
        data-city="Cologne"
        onClick={[Function]}
      >
        Cologne
      </span>
    </a>
  </li>
  <li
    className="locations__item"
  >
    <a
      className="locations__item-link tabs__item "
      href="#"
    >
      <span
        data-city="Brussels"
        onClick={[Function]}
      >
        Brussels
      </span>
    </a>
  </li>
  <li
    className="locations__item"
  >
    <a
      className="locations__item-link tabs__item "
      href="#"
    >
      <span
        data-city="Amsterdam"
        onClick={[Function]}
      >
        Amsterdam
      </span>
    </a>
  </li>
  <li
    className="locations__item"
  >
    <a
      className="locations__item-link tabs__item "
      href="#"
    >
      <span
        data-city="Hamburg"
        onClick={[Function]}
      >
        Hamburg
      </span>
    </a>
  </li>
  <li
    className="locations__item"
  >
    <a
      className="locations__item-link tabs__item "
      href="#"
    >
      <span
        data-city="Dusseldorf"
        onClick={[Function]}
      >
        Dusseldorf
      </span>
    </a>
  </li>
</ul>
`;
