// Jest Snapshot v1, https://goo.gl/fbAQLP

exports[`withSelectedItem is rendered correctly 1`] = `<div />`;
