// Jest Snapshot v1, https://goo.gl/fbAQLP

exports[`<Map /> Should Map render correctly 1`] = `<div />`;
