// Jest Snapshot v1, https://goo.gl/fbAQLP

exports[`<Favorites /> Render Favorites 1`] = `
Array [
  <header
    className="header"
  >
    <div
      className="container"
    >
      <div
        className="header__wrapper"
      >
        <div
          className="header__left"
        >
          <a
            className="header__logo-link header__logo-link--active"
            href="/"
            onClick={[Function]}
          >
            <img
              alt="6 cities logo"
              className="header__logo"
              height="41"
              src="img/logo.svg"
              width="81"
            />
          </a>
        </div>
        <nav
          className="header__nav"
        >
          <ul
            className="header__nav-list"
          >
            <li
              className="header__nav-item user"
            >
              <a
                className="header__nav-link header__nav-link--profile"
                href="/favorites"
                onClick={[Function]}
              >
                <div
                  className="header__avatar-wrapper user__avatar-wrapper"
                />
                <span
                  className="header__user-name user__name"
                >
                  test@test.ru
                </span>
              </a>
            </li>
          </ul>
        </nav>
      </div>
    </div>
  </header>,
  <main
    className="page__main page__main--favorites"
  >
    <div
      className="page__favorites-container container"
    >
      <section
        className="favorites"
      >
        <h1
          className="favorites__title"
        >
          Saved listing
        </h1>
        <ul
          className="favorites__list"
        >
          <div
            className="favorites__places"
          >
            <li
              className="favorites__locations-items"
            >
              <div
                className="favorites__locations locations locations--current"
              >
                <div
                  className="locations__item"
                >
                  <a
                    className="locations__item-link"
                    href="#"
                  >
                    <span>
                      Cologne
                    </span>
                  </a>
                </div>
              </div>
              <article
                className="favorites__place-card place-card"
                onMouseEnter={[Function]}
                onMouseLeave={[Function]}
              >
                <div
                  className="favorites__image-wrapper place-card__image-wrapper"
                >
                  <a
                    href="#"
                  >
                    <img
                      alt="Place image"
                      className="place-card__image"
                      height="200"
                      src="img/apartment-01.jpg"
                      width="260"
                    />
                  </a>
                </div>
                <div
                  className="place-card__info "
                >
                  <div
                    className="place-card__price-wrapper"
                  >
                    <div
                      className="place-card__price"
                    >
                      <b
                        className="place-card__price-value"
                      >
                        €
                        120
                      </b>
                      <span
                        className="place-card__price-text"
                      >
                        / night
                      </span>
                    </div>
                    <button
                      className="place-card__bookmark-button button "
                      onClick={[Function]}
                      type="button"
                    >
                      <svg
                        className="place-card__bookmark-icon"
                        height="19"
                        width="18"
                      >
                        <use
                          xlinkHref="#icon-bookmark"
                        />
                      </svg>
                      <span
                        className="visually-hidden"
                      >
                        To bookmarks
                      </span>
                    </button>
                  </div>
                  <div
                    className="place-card__rating rating"
                  >
                    <div
                      className="place-card__stars rating__stars"
                    >
                      <span
                        style={
                          Object {
                            "width": "80%",
                          }
                        }
                      />
                      <span
                        className="visually-hidden"
                      >
                        Rating
                      </span>
                    </div>
                  </div>
                  <h2
                    className="place-card__name"
                  >
                    <a
                      href="/offer/1"
                      onClick={[Function]}
                    >
                      Canal View Prinsengracht
                    </a>
                  </h2>
                  <p
                    className="place-card__type"
                  >
                    Apartment
                  </p>
                </div>
              </article>
            </li>
            <li
              className="favorites__locations-items"
            >
              <div
                className="favorites__locations locations locations--current"
              >
                <div
                  className="locations__item"
                >
                  <a
                    className="locations__item-link"
                    href="#"
                  >
                    <span>
                      Cologne
                    </span>
                  </a>
                </div>
              </div>
              <article
                className="favorites__place-card place-card"
                onMouseEnter={[Function]}
                onMouseLeave={[Function]}
              >
                <div
                  className="favorites__image-wrapper place-card__image-wrapper"
                >
                  <a
                    href="#"
                  >
                    <img
                      alt="Place image"
                      className="place-card__image"
                      height="200"
                      src="img/room.jpg"
                      width="260"
                    />
                  </a>
                </div>
                <div
                  className="place-card__info "
                >
                  <div
                    className="place-card__price-wrapper"
                  >
                    <div
                      className="place-card__price"
                    >
                      <b
                        className="place-card__price-value"
                      >
                        €
                        80
                      </b>
                      <span
                        className="place-card__price-text"
                      >
                        / night
                      </span>
                    </div>
                    <button
                      className="place-card__bookmark-button button "
                      onClick={[Function]}
                      type="button"
                    >
                      <svg
                        className="place-card__bookmark-icon"
                        height="19"
                        width="18"
                      >
                        <use
                          xlinkHref="#icon-bookmark"
                        />
                      </svg>
                      <span
                        className="visually-hidden"
                      >
                        To bookmarks
                      </span>
                    </button>
                  </div>
                  <div
                    className="place-card__rating rating"
                  >
                    <div
                      className="place-card__stars rating__stars"
                    >
                      <span
                        style={
                          Object {
                            "width": "80%",
                          }
                        }
                      />
                      <span
                        className="visually-hidden"
                      >
                        Rating
                      </span>
                    </div>
                  </div>
                  <h2
                    className="place-card__name"
                  >
                    <a
                      href="/offer/2"
                      onClick={[Function]}
                    >
                      Wood and stone place
                    </a>
                  </h2>
                  <p
                    className="place-card__type"
                  >
                    Private room
                  </p>
                </div>
              </article>
            </li>
          </div>
        </ul>
      </section>
    </div>
  </main>,
]
`;
