// Jest Snapshot v1, https://goo.gl/fbAQLP

exports[`withCompletedComment is rendered correctly 1`] = `<div />`;
