// Jest Snapshot v1, https://goo.gl/fbAQLP

exports[`withAuthentication is rendered correctly 1`] = `<div />`;
