// Jest Snapshot v1, https://goo.gl/fbAQLP

exports[`<App /> App dispatch 1`] = `ShallowWrapper {}`;
